// Jest Snapshot v1, https://goo.gl/fbAQLP

exports[`testing al cliente Es Johnny 1`] = `
{
  "balance": 500,
  "nombre": "Johnny",
  "tipo": "premium",
}
`;
